[dotenv@17.2.3] injecting env (7) from .env -- tip: ΓÜÖ∩╕Å  write to custom object with { processEnv: myObject }
[dotenv@17.2.3] injecting env (0) from .env -- tip: ≡ƒöÉ prevent committing .env to code: https://dotenvx.com/precommit
[32minfo[39m: Blockchain queue initialized {"timestamp":"2025-12-06T15:50:03.867Z"}


  GET /api/students/:id/certificates
Connected to the MySQL database.
[32minfo[39m: [31baceef-d977-4a22-8972-24b68c60a064] [31baceef-d977-4a22-8972-24b68c60a064] GET /api/students/14/certificates {"correlationId":"31baceef-d977-4a22-8972-24b68c60a064","timestamp":"2025-12-06T15:50:04.005Z"}
node.exe : Error fetching student 
documents: Error: Incorrect arguments to 
mysqld_stmt_execute
At line:1 char:1
+ & "C:\Program Files\nodejs/node.exe" 
"C:\Program Files\nodejs/node_mo ...
+ ~~~~~~~~~~~~~~~~~~~~~~~~~~~~~~~~~~~~~~~~~~
~~~~~~~~~~~~~~~~~~~~~~~~~~~
    + CategoryInfo          : NotSpecified: 
    (Error fetching ...ld_stmt_execute:Str  
  ing) [], RemoteException
    + FullyQualifiedErrorId : NativeCommand 
   Error
 
    at PromisePool.execute (C:\Users\nisar\D
esktop\Minor_project_CertiChain\backend\node
_modules\mysql2\lib\promise\pool.js:54:22)
    at C:\Users\nisar\Desktop\Minor_project_
CertiChain\backend\server.js:587:33
    at process.processTicksAndRejections 
(node:internal/process/task_queues:103:5) {
  code: 'ER_WRONG_ARGUMENTS',
  errno: 1210,
  sql: '\n' +
    '        SELECT r.id, r.status, 
r.request_date, r.certificate_hash,\n' +
    '               t.name as 
template_name, t.template_type, 
t.description,\n' +
    '               u.username as 
institute_name, u.name as 
institute_full_name\n' +
    '        FROM requests r\n' +
    '        JOIN templates t ON 
r.template_id = t.id\n' +
    '        JOIN users u ON t.institute_id 
= u.id\n' +
    '        WHERE r.student_id = ?\n' +
    '        ORDER BY r.request_date 
DESC\n' +
    '        LIMIT ? OFFSET ?\n' +
    '    ',
  sqlState: 'HY000',
  sqlMessage: 'Incorrect arguments to 
mysqld_stmt_execute'
}
[32minfo[39m: [31baceef-d977-4a22-8972-24b68c60a064] [31baceef-d977-4a22-8972-24b68c60a064] Response status: 500 {"correlationId":"31baceef-d977-4a22-8972-24b68c60a064","timestamp":"2025-12-06T15:50:04.024Z"}
    1) should return certificates for the student
[32minfo[39m: [1b198f5f-641a-42fc-92e8-e4bd1c0617ed] [1b198f5f-641a-42fc-92e8-e4bd1c0617ed] GET /api/students/14/certificates?status=Approved {"correlationId":"1b198f5f-641a-42fc-92e8-e4bd1c0617ed","timestamp":"2025-12-06T15:50:04.038Z"}
Database initialized.
Error fetching student documents: Error: 
Incorrect arguments to mysqld_stmt_execute
    at PromisePool.execute (C:\Users\nisar\D
esktop\Minor_project_CertiChain\backend\node
_modules\mysql2\lib\promise\pool.js:54:22)
    at C:\Users\nisar\Desktop\Minor_project_
CertiChain\backend\server.js:587:33
    at process.processTicksAndRejections 
(node:internal/process/task_queues:103:5) {
  code: 'ER_WRONG_ARGUMENTS',
  errno: 1210,
  sql: '\n' +
    '        SELECT r.id, r.status, 
r.request_date, r.certificate_hash,\n' +
    '               t.name as 
template_name, t.template_type, 
t.description,\n' +
    '               u.username as 
institute_name, u.name as 
institute_full_name\n' +
    '        FROM requests r\n' +
    '        JOIN templates t ON 
r.template_id = t.id\n' +
    '        JOIN users u ON t.institute_id 
= u.id\n' +
    '        WHERE r.student_id = ? AND 
r.status = ?\n' +
    '        ORDER BY r.request_date 
DESC\n' +
    '        LIMIT ? OFFSET ?\n' +
    '    ',
  sqlState: 'HY000',
  sqlMessage: 'Incorrect arguments to 
mysqld_stmt_execute'
}
[32minfo[39m: [1b198f5f-641a-42fc-92e8-e4bd1c0617ed] [1b198f5f-641a-42fc-92e8-e4bd1c0617ed] Response status: 500 {"correlationId":"1b198f5f-641a-42fc-92e8-e4bd1c0617ed","timestamp":"2025-12-06T15:50:04.043Z"}
    2) should filter by status
[32minfo[39m: [00ad40aa-a095-4b27-8be7-c2cc89118850] [00ad40aa-a095-4b27-8be7-c2cc89118850] GET /api/students/14/certificates?status=Pending {"correlationId":"00ad40aa-a095-4b27-8be7-c2cc89118850","timestamp":"2025-12-06T15:50:04.049Z"}
Error fetching student documents: Error: 
Incorrect arguments to mysqld_stmt_execute
    at PromisePool.execute (C:\Users\nisar\D
esktop\Minor_project_CertiChain\backend\node
_modules\mysql2\lib\promise\pool.js:54:22)
    at C:\Users\nisar\Desktop\Minor_project_
CertiChain\backend\server.js:587:33
    at process.processTicksAndRejections 
(node:internal/process/task_queues:103:5) {
  code: 'ER_WRONG_ARGUMENTS',
  errno: 1210,
  sql: '\n' +
    '        SELECT r.id, r.status, 
r.request_date, r.certificate_hash,\n' +
    '               t.name as 
template_name, t.template_type, 
t.description,\n' +
    '               u.username as 
institute_name, u.name as 
institute_full_name\n' +
    '        FROM requests r\n' +
    '        JOIN templates t ON 
r.template_id = t.id\n' +
    '        JOIN users u ON t.institute_id 
= u.id\n' +
    '        WHERE r.student_id = ? AND 
r.status = ?\n' +
    '        ORDER BY r.request_date 
DESC\n' +
    '        LIMIT ? OFFSET ?\n' +
    '    ',
  sqlState: 'HY000',
  sqlMessage: 'Incorrect arguments to 
mysqld_stmt_execute'
}
[32minfo[39m: [00ad40aa-a095-4b27-8be7-c2cc89118850] [00ad40aa-a095-4b27-8be7-c2cc89118850] Response status: 500 {"correlationId":"00ad40aa-a095-4b27-8be7-c2cc89118850","timestamp":"2025-12-06T15:50:04.051Z"}
    3) should filter by incorrect status and return empty
[32minfo[39m: [0c24f83f-0610-4375-a858-231832f1ff8f] [0c24f83f-0610-4375-a858-231832f1ff8f] GET /api/students/14/certificates?search=Degree {"correlationId":"0c24f83f-0610-4375-a858-231832f1ff8f","timestamp":"2025-12-06T15:50:04.056Z"}
Error fetching student documents: Error: 
Incorrect arguments to mysqld_stmt_execute
    at PromisePool.execute (C:\Users\nisar\D
esktop\Minor_project_CertiChain\backend\node
_modules\mysql2\lib\promise\pool.js:54:22)
    at C:\Users\nisar\Desktop\Minor_project_
CertiChain\backend\server.js:587:33
    at process.processTicksAndRejections 
(node:internal/process/task_queues:103:5) {
  code: 'ER_WRONG_ARGUMENTS',
  errno: 1210,
  sql: '\n' +
    '        SELECT r.id, r.status, 
r.request_date, r.certificate_hash,\n' +
    '               t.name as 
template_name, t.template_type, 
t.description,\n' +
    '               u.username as 
institute_name, u.name as 
institute_full_name\n' +
    '        FROM requests r\n' +
    '        JOIN templates t ON 
r.template_id = t.id\n' +
    '        JOIN users u ON t.institute_id 
= u.id\n' +
    '        WHERE r.student_id = ? AND 
(t.name LIKE ? OR u.username LIKE ? OR 
t.template_type LIKE ?)\n' +
    '        ORDER BY r.request_date 
DESC\n' +
    '        LIMIT ? OFFSET ?\n' +
    '    ',
  sqlState: 'HY000',
  sqlMessage: 'Incorrect arguments to 
mysqld_stmt_execute'
}
[32minfo[39m: [0c24f83f-0610-4375-a858-231832f1ff8f] [0c24f83f-0610-4375-a858-231832f1ff8f] Response status: 500 {"correlationId":"0c24f83f-0610-4375-a858-231832f1ff8f","timestamp":"2025-12-06T15:50:04.061Z"}
    4) should search by template name
[32minfo[39m: [db55730e-7ad8-46ce-ba24-05ae1d74e8b9] [db55730e-7ad8-46ce-ba24-05ae1d74e8b9] GET /api/students/1013/certificates {"correlationId":"db55730e-7ad8-46ce-ba24-05ae1d74e8b9","timestamp":"2025-12-06T15:50:04.066Z"}
[32minfo[39m: [db55730e-7ad8-46ce-ba24-05ae1d74e8b9] [db55730e-7ad8-46ce-ba24-05ae1d74e8b9] Response status: 403 {"correlationId":"db55730e-7ad8-46ce-ba24-05ae1d74e8b9","timestamp":"2025-12-06T15:50:04.067Z"}
    Γ£ö should fail if accessing another student certificates


  1 passing (154ms)
  4 failing

  1) GET /api/students/:id/certificates
       should return certificates for the student:

      AssertionError: expected 500 to equal 200
      + expected - actual

      -500
      +200
      
      at Context.<anonymous> (tests\my-documents-api.test.js:60:31)
      at process.processTicksAndRejections (node:internal/process/task_queues:103:5)

  2) GET /api/students/:id/certificates
       should filter by status:

      AssertionError: expected 500 to equal 200
      + expected - actual

      -500
      +200
      
      at Context.<anonymous> (tests\my-documents-api.test.js:72:31)
      at process.processTicksAndRejections (node:internal/process/task_queues:103:5)

  3) GET /api/students/:id/certificates
       should filter by incorrect status and return empty:

      AssertionError: expected 500 to equal 200
      + expected - actual

      -500
      +200
      
      at Context.<anonymous> (tests\my-documents-api.test.js:81:31)
      at process.processTicksAndRejections (node:internal/process/task_queues:103:5)

  4) GET /api/students/:id/certificates
       should search by template name:

      AssertionError: expected 500 to equal 200
      + expected - actual

      -500
      +200
      
      at Context.<anonymous> (tests\my-documents-api.test.js:90:31)
      at process.processTicksAndRejections (node:internal/process/task_queues:103:5)



